../Core/Src/lcd.c:47:13:lcd_cmd	16	static
../Core/Src/lcd.c:54:13:lcd_data	16	static
../Core/Src/lcd.c:62:13:lcd_send	16	static
../Core/Src/lcd.c:101:6:lcd_init	16	static
../Core/Src/lcd.c:127:13:lcd_data16	16	static
../Core/Src/lcd.c:133:13:lcd_set_window	24	static
../Core/Src/lcd.c:146:6:lcd_fill_box	32	static
../Core/Src/lcd.c:158:6:lcd_put_pixel	32	static,ignoring_inline_asm
../Core/Src/lcd.c:167:6:lcd_draw_image	24	static
../Core/Src/lcd.c:179:6:lcd_copy	8	static
../Core/Src/lcd.c:191:6:lcd_clear	16	static
../Core/Src/lcd.c:204:6:lcd_transfer_done	8	static
../Core/Src/lcd.c:211:6:lcd_is_busy	8	static
